
> skillbench@0.1.0 main:study3
> node scripts/supervise-collection.mjs --config config/arms-study3.json --out results-study3 --reps 4 --label study3

[ตัวคุม 2026-10-09 01:03:44] ชุดการทดลอง: config/arms-study3.json → results-study3 · 4 รอบ · เป้าหมาย 352 cell
[ตัวคุม 2026-10-09 01:03:44] รอบที่ 1 — เริ่มจาก 0/352

> skillbench@0.1.0 main:study3
> node scripts/supervise-collection.mjs --config config/arms-study3.json --out results-study3 --reps 4 --label study3

[ตัวคุม 2026-10-09 02:06:57] แกะ fixture lock ที่เจ้าของตายไปแล้ว
[ตัวคุม 2026-10-09 02:06:57] ชุดการทดลอง: config/arms-study3.json → results-study3 · 4 รอบ · เป้าหมาย 352 cell
[ตัวคุม 2026-10-09 02:06:57] รอบที่ 1 — เริ่มจาก 16/352
[ตัวคุม 2026-10-09 03:41:06] รอบที่ 1 จบ · exit 0 · 16 -> 43/352
[ตัวคุม 2026-10-09 03:41:06] ชนลิมิตยาว — รอ 20 นาทีแล้วยิงต่อ
[ตัวคุม 2026-10-09 04:01:06] รอบที่ 2 — เริ่มจาก 43/352
[ตัวคุม 2026-10-09 04:01:13] รอบที่ 2 จบ · exit 0 · 43 -> 43/352
[ตัวคุม 2026-10-09 04:01:13] ชนลิมิตยาว — รอ 20 นาทีแล้วยิงต่อ
[ตัวคุม 2026-10-09 04:21:14] รอบที่ 3 — เริ่มจาก 43/352
[ตัวคุม 2026-10-09 04:21:21] รอบที่ 3 จบ · exit 0 · 43 -> 43/352
[ตัวคุม 2026-10-09 04:21:21] ชนลิมิตยาว — รอ 20 นาทีแล้วยิงต่อ
[ตัวคุม 2026-10-09 04:41:21] รอบที่ 4 — เริ่มจาก 43/352
[ตัวคุม 2026-10-09 04:41:28] รอบที่ 4 จบ · exit 0 · 43 -> 43/352
[ตัวคุม 2026-10-09 04:41:28] ชนลิมิตยาว — รอ 20 นาทีแล้วยิงต่อ
[ตัวคุม 2026-10-09 05:01:28] รอบที่ 5 — เริ่มจาก 43/352
[ตัวคุม 2026-10-09 05:01:36] รอบที่ 5 จบ · exit 0 · 43 -> 43/352
[ตัวคุม 2026-10-09 05:01:36] ชนลิมิตยาว — รอ 20 นาทีแล้วยิงต่อ
[ตัวคุม 2026-10-09 05:21:36] รอบที่ 6 — เริ่มจาก 43/352
[ตัวคุม 2026-10-09 05:21:43] รอบที่ 6 จบ · exit 0 · 43 -> 43/352
[ตัวคุม 2026-10-09 05:21:43] ชนลิมิตยาว — รอ 20 นาทีแล้วยิงต่อ
[ตัวคุม 2026-10-09 05:41:44] รอบที่ 7 — เริ่มจาก 43/352
[ตัวคุม 2026-10-09 05:41:51] รอบที่ 7 จบ · exit 0 · 43 -> 43/352
[ตัวคุม 2026-10-09 05:41:51] ชนลิมิตยาว — รอ 20 นาทีแล้วยิงต่อ
[ตัวคุม 2026-10-09 06:01:51] รอบที่ 8 — เริ่มจาก 43/352
[ตัวคุม 2026-10-09 08:38:26] รอบที่ 8 จบ · exit 0 · 43 -> 94/352
[ตัวคุม 2026-10-09 08:38:26] ชนลิมิตยาว — รอ 20 นาทีแล้วยิงต่อ
[ตัวคุม 2026-10-09 08:58:27] รอบที่ 9 — เริ่มจาก 94/352
[ตัวคุม 2026-10-09 08:58:36] รอบที่ 9 จบ · exit 0 · 94 -> 94/352
[ตัวคุม 2026-10-09 08:58:36] ชนลิมิตยาว — รอ 20 นาทีแล้วยิงต่อ
[ตัวคุม 2026-10-09 09:18:36] รอบที่ 10 — เริ่มจาก 94/352
[ตัวคุม 2026-10-09 09:18:45] รอบที่ 10 จบ · exit 0 · 94 -> 94/352
[ตัวคุม 2026-10-09 09:18:45] ชนลิมิตยาว — รอ 20 นาทีแล้วยิงต่อ
[ตัวคุม 2026-10-09 09:38:45] รอบที่ 11 — เริ่มจาก 94/352
[ตัวคุม 2026-10-09 09:38:54] รอบที่ 11 จบ · exit 0 · 94 -> 94/352
[ตัวคุม 2026-10-09 09:38:54] ชนลิมิตยาว — รอ 20 นาทีแล้วยิงต่อ
[ตัวคุม 2026-10-09 09:58:55] รอบที่ 12 — เริ่มจาก 94/352
[ตัวคุม 2026-10-09 09:59:04] รอบที่ 12 จบ · exit 0 · 94 -> 94/352
[ตัวคุม 2026-10-09 09:59:04] ชนลิมิตยาว — รอ 20 นาทีแล้วยิงต่อ
[ตัวคุม 2026-10-09 10:19:04] รอบที่ 13 — เริ่มจาก 94/352
[ตัวคุม 2026-10-09 10:19:13] รอบที่ 13 จบ · exit 0 · 94 -> 94/352
[ตัวคุม 2026-10-09 10:19:13] ชนลิมิตยาว — รอ 20 นาทีแล้วยิงต่อ
[ตัวคุม 2026-10-09 10:39:13] รอบที่ 14 — เริ่มจาก 94/352
[ตัวคุม 2026-10-09 10:39:22] รอบที่ 14 จบ · exit 0 · 94 -> 94/352
[ตัวคุม 2026-10-09 10:39:22] ชนลิมิตยาว — รอ 20 นาทีแล้วยิงต่อ
[ตัวคุม 2026-10-09 10:59:22] รอบที่ 15 — เริ่มจาก 94/352
[ตัวคุม 2026-10-09 10:59:31] รอบที่ 15 จบ · exit 0 · 94 -> 94/352
[ตัวคุม 2026-10-09 10:59:31] ชนลิมิตยาว — รอ 20 นาทีแล้วยิงต่อ
[ตัวคุม 2026-10-09 11:19:31] รอบที่ 16 — เริ่มจาก 94/352
[ตัวคุม 2026-10-09 13:36:13] รอบที่ 16 จบ · exit 0 · 94 -> 137/352
[ตัวคุม 2026-10-09 13:36:13] ชนลิมิตยาว — รอ 159 นาทีแล้วยิงต่อ
[ตัวคุม 2026-10-09 16:15:00] รอบที่ 17 — เริ่มจาก 137/352
[ตัวคุม 2026-10-09 19:12:32] รอบที่ 17 จบ · exit 0 · 137 -> 192/352
[ตัวคุม 2026-10-09 19:12:32] ชนลิมิตยาว — รอ 122 นาทีแล้วยิงต่อ
[ตัวคุม 2026-10-09 21:15:00] รอบที่ 18 — เริ่มจาก 192/352
[ตัวคุม 2026-10-10 08:40:04] หยุดตามที่ผู้วิจัยสั่งหลังครบรอบที่ 3 (งบ usage/เวลา ไม่ได้ดูผล)
